%!Adobe-FontList 1.17
%Locale:0x809

%BeginFont
Handler:DirectoryHandler
FontType:TrueType
FontName:BaskOldFace
FamilyName:Baskerville Old Face
StyleName:Regular
FullName:Baskerville Old Face
MenuName:Baskerville Old Face
StyleBits:0
WritingScript:Roman
OutlineFileName:D:\DESIGN WORK\Proofs\2016\Schools\6 images\School Proof x 6 Folder\Document fonts\BASKVILL.TTF
DataFormat:sfntData
FileLength:54976
FileModTime:934974808
WeightClass:400
WidthClass:5
AngleClass:0
NameArray:0,Mac,4,Baskerville Old Face
NameArray:0,Win,1,Baskerville Old Face
%EndFont

%BeginFont
Handler:DirectoryHandler
FontType:Type1
FontName:MinionPro-Regular
FamilyName:Minion Pro
StyleName:Regular
FullName:Minion Pro
MenuName:Minion Pro
StyleBits:0
WritingScript:Roman
OutlineFileName:D:\DESIGN WORK\Proofs\2016\Schools\6 images\School Proof x 6 Folder\Document fonts\MinionPro-Regular.otf
DataFormat:sfntData
UsesStandardEncoding:yes
isCFF:yes
FileLength:218640
FileModTime:1363367356
WeightClass:400
WidthClass:5
AngleClass:0
DesignSize:110
NameArray:0,Mac,4,Minion Pro
NameArray:0,Win,1,Minion Pro
%EndFont

